
=== TEST 1: Typo Tolerance ===
  [OK] 'calculater app' -> calculator
  [OK] 'tik tak toe' -> tictactoe
  [OK] 'memroy game' -> memory_game
  [OK] 'recation game' -> reaction_game
  [OK] 'puzzel game' -> generic_game (wanted sliding_puzzle, but it's in top 3)
  [OK] 'quize app' -> quiz
  [OK] 'timmer app' -> timer

=== TEST 2: Slang/Informal Language ===
  [OK] 'number cruncher' -> calculator (acceptable: ['calculator', 'converter'])
  [FAIL] 'brain teaser' -> weather (acceptable: ['quiz', 'sliding_puzzle', 'wordle', 'memory_game'])
  [OK] 'clicky game' -> generic_game (acceptable: ['reaction_game', 'generic_game'])
  [OK] 'match two cards' -> memory_game (acceptable: ['memory_game'])
  [OK] 'letter word puzzle' -> wordle (acceptable: ['wordle', 'hangman'])
  [OK] 'guess the word' -> guess_game (acceptable: ['hangman', 'wordle', 'guess_game'])
  [OK] 'whack the button fast' -> reaction_game (acceptable: ['reaction_game'])
  [OK] 'tick tock countdown' -> timer (acceptable: ['timer'])
  [OK] 'secret word game' -> hangman (acceptable: ['hangman', 'wordle'])
  [OK] 'X's and O's' -> tictactoe (acceptable: ['tictactoe'])

=== TEST 3: Compound Requests ===
  [OK] 'quiz game with a timer' -> quiz (expected quiz)
  [OK] 'timer with quiz questions' -> timer (expected timer)
  [OK] 'calculator that saves history' -> calculator (expected calculator)
  [OK] 'memory game with scoring' -> memory_game (expected memory_game)
  [OK] 'recipe tracker with calculations' -> crud (expected crud)
  [OK] 'timed reaction test' -> reaction_game (expected reaction_game)
  [OK] 'puzzle game for trivia' -> quiz (expected quiz)

=== TEST 4: Negation Handling ===
  [OK] 'not a game, just a timer' -> timer (acceptable: ['timer', 'generic_game'])
  [OK] 'simple timer, not a game' -> timer (acceptable: ['timer', 'generic_game'])
  [OK] 'calculator without games' -> calculator (acceptable: ['calculator'])
  [FAIL] 'just data storage, nothing fancy' -> generic_game (acceptable: ['crud'])

=== TEST 5: Synonym Recognition ===
  [OK] 'arithmetic tool' -> calculator
  [OK] 'countdown clock' -> timer
  [OK] 'unit transformer' -> poll_survey (wanted converter, in top 3)
  [OK] 'knowledge test' -> quiz
  [OK] 'reflexes test' -> reaction_game
  [OK] 'inventory tracker' -> crud
  [OK] 'task manager' -> crud
  [OK] 'notes application' -> crud
  [OK] 'card matching' -> memory_game
  [OK] 'noughts and crosses' -> tictactoe

=== TEST 6: Adversarial Inputs ===
  [OK] 'I want to time how fast I can react' -> reaction_game
  [OK] 'calculate my quiz score' -> quiz
  [OK] 'convert this quiz to digital' -> quiz
  [OK] 'puzzle out these math problems' -> calculator
  [OK] 'match these numbers together' -> memory_game
  [OK] 'slide into this quiz' -> sliding_puzzle (wanted quiz, in top 3)
  [OK] 'mine some data' -> generic_game (wanted crud, in top 3)
  [OK] 'hang on let me make a todo list' -> crud

=== TEST 7: Confidence Scoring ===
  [OK] 'calculator' -> calculator (score 8.0, min 8.0)
  [OK] 'timer' -> timer (score 21.5, min 8.0)
  [OK] 'sliding puzzle' -> sliding_puzzle (score 42.2, min 8.0)
  [OK] 'tic tac toe' -> tictactoe (score 8.0, min 8.0)
  [OK] 'minesweeper game' -> minesweeper (score 12.0, min 8.0)
  [FAIL] 'make something fun' -> generic_game has uncertainty (gap=998.0)
  [FAIL] 'app for stuff' -> generic_game has uncertainty (gap=998.0)
  [FAIL] 'a useful tool' -> generic_game has uncertainty (gap=998.0)

=== TEST 8: Feature Extraction Edge Cases ===
  [OK] 'todo list with login and dark mode and s...' -> found ['auth', 'search', 'data_app']
  [OK] 'I want auth for my recipe app...' -> found ['generic_app', 'auth', 'data_app']
  [OK] 'personal private app...' -> no specific features expected
  [OK] 'sign in required...' -> found ['auth']
  [OK] 'password protected...' -> found ['word_based', 'auth']
  [OK] 'save everything...' -> found ['storage']

=== TEST 9: Extreme Input Lengths ===
  [OK] Single word: 'calculator'
  [OK] Two words: 'quiz app'
  [OK] Long description (~249 chars)
  [OK] Filler words: -> calculator

=== TEST 10: Unicode and Special Characters ===
  [OK] 'calculator ≡ƒº«' -> calculator (expected calculator)
  [OK] 'ΓÅ▒∩╕Å timer app' -> timer (expected timer)
  [OK] 'quizΓ¥ôgame' -> quiz (expected quiz)
  [OK] 'tic-tac-toe game' -> tictactoe (expected tictactoe)
  [OK] 'memory_game app' -> memory_game (expected memory_game)
  [OK] 'calc @#$% app' -> calculator (expected calculator)

============================================================
ADVANCED TEST RESULTS: 65 passed, 5 failed
============================================================

ΓÜá∩╕Å  5 tests need attention (some may be aspirational)

Failure rate: 7% (acceptable)
============================= test session starts =============================
platform win32 -- Python 3.11.9, pytest-9.0.2, pluggy-1.6.0
rootdir: C:\Users\DJMcC\OneDrive\Desktop\Test_playground
plugins: anyio-3.7.1, cov-7.0.0, timeout-2.4.0, xdist-3.8.0
collected 0 items
INTERNALERROR> Traceback (most recent call last):
INTERNALERROR>   File "C:\Users\DJMcC\AppData\Local\Programs\Python\Python311\Lib\site-packages\_pytest\main.py", line 318, in wrap_session
INTERNALERROR>     session.exitstatus = doit(config, session) or 0
INTERNALERROR>                          ^^^^^^^^^^^^^^^^^^^^^
INTERNALERROR>   File "C:\Users\DJMcC\AppData\Local\Programs\Python\Python311\Lib\site-packages\_pytest\main.py", line 371, in _main
INTERNALERROR>     config.hook.pytest_collection(session=session)
INTERNALERROR>   File "C:\Users\DJMcC\AppData\Local\Programs\Python\Python311\Lib\site-packages\pluggy\_hooks.py", line 512, in __call__
INTERNALERROR>     return self._hookexec(self.name, self._hookimpls.copy(), kwargs, firstresult)
INTERNALERROR>            ^^^^^^^^^^^^^^^^^^^^^^^^^^^^^^^^^^^^^^^^^^^^^^^^^^^^^^^^^^^^^^^^^^^^^^
INTERNALERROR>   File "C:\Users\DJMcC\AppData\Local\Programs\Python\Python311\Lib\site-packages\pluggy\_manager.py", line 120, in _hookexec
INTERNALERROR>     return self._inner_hookexec(hook_name, methods, kwargs, firstresult)
INTERNALERROR>            ^^^^^^^^^^^^^^^^^^^^^^^^^^^^^^^^^^^^^^^^^^^^^^^^^^^^^^^^^^^^^
INTERNALERROR>   File "C:\Users\DJMcC\AppData\Local\Programs\Python\Python311\Lib\site-packages\pluggy\_callers.py", line 167, in _multicall
INTERNALERROR>     raise exception
INTERNALERROR>   File "C:\Users\DJMcC\AppData\Local\Programs\Python\Python311\Lib\site-packages\pluggy\_callers.py", line 139, in _multicall
INTERNALERROR>     teardown.throw(exception)
INTERNALERROR>   File "C:\Users\DJMcC\AppData\Local\Programs\Python\Python311\Lib\site-packages\_pytest\logging.py", line 788, in pytest_collection
INTERNALERROR>     return (yield)
INTERNALERROR>             ^^^^^
INTERNALERROR>   File "C:\Users\DJMcC\AppData\Local\Programs\Python\Python311\Lib\site-packages\pluggy\_callers.py", line 139, in _multicall
INTERNALERROR>     teardown.throw(exception)
INTERNALERROR>   File "C:\Users\DJMcC\AppData\Local\Programs\Python\Python311\Lib\site-packages\_pytest\warnings.py", line 98, in pytest_collection
INTERNALERROR>     return (yield)
INTERNALERROR>             ^^^^^
INTERNALERROR>   File "C:\Users\DJMcC\AppData\Local\Programs\Python\Python311\Lib\site-packages\pluggy\_callers.py", line 139, in _multicall
INTERNALERROR>     teardown.throw(exception)
INTERNALERROR>   File "C:\Users\DJMcC\AppData\Local\Programs\Python\Python311\Lib\site-packages\_pytest\config\__init__.py", line 1403, in pytest_collection
INTERNALERROR>     return (yield)
INTERNALERROR>             ^^^^^
INTERNALERROR>   File "C:\Users\DJMcC\AppData\Local\Programs\Python\Python311\Lib\site-packages\pluggy\_callers.py", line 121, in _multicall
INTERNALERROR>     res = hook_impl.function(*args)
INTERNALERROR>           ^^^^^^^^^^^^^^^^^^^^^^^^^
INTERNALERROR>   File "C:\Users\DJMcC\AppData\Local\Programs\Python\Python311\Lib\site-packages\_pytest\main.py", line 382, in pytest_collection
INTERNALERROR>     session.perform_collect()
INTERNALERROR>   File "C:\Users\DJMcC\AppData\Local\Programs\Python\Python311\Lib\site-packages\_pytest\main.py", line 857, in perform_collect
INTERNALERROR>     self.items.extend(self.genitems(node))
INTERNALERROR>   File "C:\Users\DJMcC\AppData\Local\Programs\Python\Python311\Lib\site-packages\_pytest\main.py", line 1023, in genitems
INTERNALERROR>     yield from self.genitems(subnode)
INTERNALERROR>   File "C:\Users\DJMcC\AppData\Local\Programs\Python\Python311\Lib\site-packages\_pytest\main.py", line 1020, in genitems
INTERNALERROR>     rep, duplicate = self._collect_one_node(node, handle_dupes)
INTERNALERROR>                      ^^^^^^^^^^^^^^^^^^^^^^^^^^^^^^^^^^^^^^^^^^
INTERNALERROR>   File "C:\Users\DJMcC\AppData\Local\Programs\Python\Python311\Lib\site-packages\_pytest\main.py", line 883, in _collect_one_node
INTERNALERROR>     rep = collect_one_node(node)
INTERNALERROR>           ^^^^^^^^^^^^^^^^^^^^^^
INTERNALERROR>   File "C:\Users\DJMcC\AppData\Local\Programs\Python\Python311\Lib\site-packages\_pytest\runner.py", line 576, in collect_one_node
INTERNALERROR>     rep: CollectReport = ihook.pytest_make_collect_report(collector=collector)
INTERNALERROR>                          ^^^^^^^^^^^^^^^^^^^^^^^^^^^^^^^^^^^^^^^^^^^^^^^^^^^^^
INTERNALERROR>   File "C:\Users\DJMcC\AppData\Local\Programs\Python\Python311\Lib\site-packages\pluggy\_hooks.py", line 512, in __call__
INTERNALERROR>     return self._hookexec(self.name, self._hookimpls.copy(), kwargs, firstresult)
INTERNALERROR>            ^^^^^^^^^^^^^^^^^^^^^^^^^^^^^^^^^^^^^^^^^^^^^^^^^^^^^^^^^^^^^^^^^^^^^^
INTERNALERROR>   File "C:\Users\DJMcC\AppData\Local\Programs\Python\Python311\Lib\site-packages\pluggy\_manager.py", line 120, in _hookexec
INTERNALERROR>     return self._inner_hookexec(hook_name, methods, kwargs, firstresult)
INTERNALERROR>            ^^^^^^^^^^^^^^^^^^^^^^^^^^^^^^^^^^^^^^^^^^^^^^^^^^^^^^^^^^^^^
INTERNALERROR>   File "C:\Users\DJMcC\AppData\Local\Programs\Python\Python311\Lib\site-packages\pluggy\_callers.py", line 167, in _multicall
INTERNALERROR>     raise exception
INTERNALERROR>   File "C:\Users\DJMcC\AppData\Local\Programs\Python\Python311\Lib\site-packages\pluggy\_callers.py", line 139, in _multicall
INTERNALERROR>     teardown.throw(exception)
INTERNALERROR>   File "C:\Users\DJMcC\AppData\Local\Programs\Python\Python311\Lib\site-packages\_pytest\capture.py", line 880, in pytest_make_collect_report
INTERNALERROR>     rep = yield
INTERNALERROR>           ^^^^^
INTERNALERROR>   File "C:\Users\DJMcC\AppData\Local\Programs\Python\Python311\Lib\site-packages\pluggy\_callers.py", line 121, in _multicall
INTERNALERROR>     res = hook_impl.function(*args)
INTERNALERROR>           ^^^^^^^^^^^^^^^^^^^^^^^^^
INTERNALERROR>   File "C:\Users\DJMcC\AppData\Local\Programs\Python\Python311\Lib\site-packages\_pytest\runner.py", line 400, in pytest_make_collect_report
INTERNALERROR>     call = CallInfo.from_call(
INTERNALERROR>            ^^^^^^^^^^^^^^^^^^^
INTERNALERROR>   File "C:\Users\DJMcC\AppData\Local\Programs\Python\Python311\Lib\site-packages\_pytest\runner.py", line 353, in from_call
INTERNALERROR>     result: TResult | None = func()
INTERNALERROR>                              ^^^^^^
INTERNALERROR>   File "C:\Users\DJMcC\AppData\Local\Programs\Python\Python311\Lib\site-packages\_pytest\runner.py", line 398, in collect
INTERNALERROR>     return list(collector.collect())
INTERNALERROR>                 ^^^^^^^^^^^^^^^^^^^
INTERNALERROR>   File "C:\Users\DJMcC\AppData\Local\Programs\Python\Python311\Lib\site-packages\_pytest\python.py", line 563, in collect
INTERNALERROR>     self._register_setup_module_fixture()
INTERNALERROR>   File "C:\Users\DJMcC\AppData\Local\Programs\Python\Python311\Lib\site-packages\_pytest\python.py", line 576, in _register_setup_module_fixture
INTERNALERROR>     self.obj, ("setUpModule", "setup_module")
INTERNALERROR>     ^^^^^^^^
INTERNALERROR>   File "C:\Users\DJMcC\AppData\Local\Programs\Python\Python311\Lib\site-packages\_pytest\python.py", line 289, in obj
INTERNALERROR>     self._obj = obj = self._getobj()
INTERNALERROR>                       ^^^^^^^^^^^^^^
INTERNALERROR>   File "C:\Users\DJMcC\AppData\Local\Programs\Python\Python311\Lib\site-packages\_pytest\python.py", line 560, in _getobj
INTERNALERROR>     return importtestmodule(self.path, self.config)
INTERNALERROR>            ^^^^^^^^^^^^^^^^^^^^^^^^^^^^^^^^^^^^^^^^
INTERNALERROR>   File "C:\Users\DJMcC\AppData\Local\Programs\Python\Python311\Lib\site-packages\_pytest\python.py", line 507, in importtestmodule
INTERNALERROR>     mod = import_path(
INTERNALERROR>           ^^^^^^^^^^^^
INTERNALERROR>   File "C:\Users\DJMcC\AppData\Local\Programs\Python\Python311\Lib\site-packages\_pytest\pathlib.py", line 587, in import_path
INTERNALERROR>     importlib.import_module(module_name)
INTERNALERROR>   File "C:\Users\DJMcC\AppData\Local\Programs\Python\Python311\Lib\importlib\__init__.py", line 126, in import_module
INTERNALERROR>     return _bootstrap._gcd_import(name[level:], package, level)
INTERNALERROR>            ^^^^^^^^^^^^^^^^^^^^^^^^^^^^^^^^^^^^^^^^^^^^^^^^^^^^
INTERNALERROR>   File "<frozen importlib._bootstrap>", line 1204, in _gcd_import
INTERNALERROR>   File "<frozen importlib._bootstrap>", line 1176, in _find_and_load
INTERNALERROR>   File "<frozen importlib._bootstrap>", line 1147, in _find_and_load_unlocked
INTERNALERROR>   File "<frozen importlib._bootstrap>", line 690, in _load_unlocked
INTERNALERROR>   File "C:\Users\DJMcC\AppData\Local\Programs\Python\Python311\Lib\site-packages\_pytest\assertion\rewrite.py", line 197, in exec_module
INTERNALERROR>     exec(co, module.__dict__)
INTERNALERROR>   File "C:\Users\DJMcC\OneDrive\Desktop\Test_playground\projects\app-forge\backend\test_advanced.py", line 311, in <module>
INTERNALERROR>     sys.exit(0)
INTERNALERROR> SystemExit: 0

====================== no tests ran in 214.98s (0:03:34) ======================
